// Vitest Snapshot v1

exports[`GradientButton > Mount > 正常にレンダリングされるか 1`] = `"<button data-v-a3b6d44e=\\"\\" class=\\"gradient-btn\\" style=\\"--a3b6d44e-GRADIENT_COLOR: linear-gradient(90deg, #3db783 0%, #099ec3 100%);\\"></button>"`;
